LITTLEROBOT LR1 STATE=CLEANING DAZEDCOUNTER=0 CLEANINGCOUNTER=2 CURRCELL=1_0
CELL 1_0 TRAP=STICKY_3 ACTORS=LR1
LITTLEROBOT LR1 STATE=CLEANING DAZEDCOUNTER=0 CLEANINGCOUNTER=2 CURRCELL=1_0
ROBOT R1 VELOCITY=0_0 STICKYNUM=0 OILYNUM=0 CURRCELL=1_0
CELL 1_0 TRAP=OILY_4 ACTORS=R1