CELL 1_0 TRAP=OILY_4 ACTORS=R1
CELL 0_0 TRAP=NULL ACTORS=NULL