CELL 0_0 TRAP=NULL ACTORS=L1
CELL 1_1 TRAP=NULL ACTORS=L2