LITTLEROBOT LR1 STATE=NORMAL DAZEDCOUNTER=0 CLEANINGCOUNTER=0 CURRCELL=0_1
LITTLEROBOT LR2 STATE=DAZED DAZEDCOUNTER=2 CLEANINGCOUNTER=0 CURRCELL=0_0