LITTLEROBOT LR1 STATE=CLEANING DAZEDCOUNTER=0 CLEANINGCOUNTER=2 CURRCELL=1_1
LITTLEROBOT LR1 STATE=CLEANING DAZEDCOUNTER=0 CLEANINGCOUNTER=1 CURRCELL=1_1
LITTLEROBOT LR2 STATE=DAZED DAZEDCOUNTER=2 CLEANINGCOUNTER=0 CURRCELL=0_1