CELL 1_1 TRAP=STICKY_4 ACTORS=NULL
LITTLEROBOT L1 STATE=NORMAL DAZEDCOUNTER=0 CLEANINGCOUNTER=0 CURRCELL=0_1
LITTLEROBOT L1 STATE=CLEANING DAZEDCOUNTER=0 CLEANINGCOUNTER=2 CURRCELL=1_1
CELL 1_1 TRAP=STICKY_3 ACTORS=L1
LITTLEROBOT L1 STATE=CLEANING DAZEDCOUNTER=0 CLEANINGCOUNTER=1 CURRCELL=1_1
CELL 1_1 TRAP=STICKY_3 ACTORS=L1
LITTLEROBOT L1 STATE=NORMAL DAZEDCOUNTER=0 CLEANINGCOUNTER=0 CURRCELL=1_1
CELL 1_1 TRAP=NULL ACTORS=L1