ROBOT R1 VELOCITY=0_0 STICKYNUM=0 OILYNUM=0 CURRCELL=0_0
CELL 0_0 TRAP=NULL ACTORS=R1
ROBOT R1 VELOCITY=0_0 STICKYNUM=0 OILYNUM=0 CURRCELL=0_0