ROBOT R1 VELOCITY=0_0 STICKYNUM=0 OILYNUM=1 CURRCELL=0_0
ROBOT R1 VELOCITY=0_0 STICKYNUM=0 OILYNUM=0 CURRCELL=0_0
CELL 0_0 TRAP=OILY_4 ACTORS=R1
CELL 0_0 TRAP=OILY_3 ACTORS=R1
CELL 0_0 TRAP=OILY_2 ACTORS=R1
CELL 0_0 TRAP=OILY_1 ACTORS=R1
CELL 0_0 TRAP=NULL ACTORS=R1