ROBOT R1 VELOCITY=0_0 STICKYNUM=5 OILYNUM=5 CURRCELL=0_0
CELL 0_0 TRAP=NULL ACTORS=R1
ROBOT R1 VELOCITY=0_0 STICKYNUM=5 OILYNUM=4 CURRCELL=0_0
CELL 0_0 TRAP=OILY_4 ACTORS=R1