CELL 0_0 TRAP=STICKY_4 ACTORS=NULL
CELL 0_0 TRAP=STICKY_3 ACTORS=R1
CELL 0_0 TRAP=STICKY_2 ACTORS=R2
CELL 0_0 TRAP=STICKY_1 ACTORS=R3
CELL 0_0 TRAP=NULL ACTORS=R4