CELL 6_4 TRAP=NULL ACTORS=R2
ROBOT R1 VELOCITY=2_1 STICKYNUM=0 OILYNUM=0 CURRCELL=4_2
ROBOT R1 VELOCITY=1_1 STICKYNUM=0 OILYNUM=0 CURRCELL=6_4
ROBOT R2 VELOCITY=0_0 STICKYNUM=0 OILYNUM=0 CURRCELL=6_4
CELL 6_4 TRAP=NULL ACTORS=R1