ROBOT R1 VELOCITY=0_0 STICKYNUM=0 OILYNUM=0 CURRCELL=1_0
LITTLEROBOT LR1 STATE=NORMAL DAZEDCOUNTER=0 CLEANINGCOUNTER=0 CURRCELL=0_0
ROBOT R1 VELOCITY=0_0 STICKYNUM=0 OILYNUM=0 CURRCELL=1_0
LITTLEROBOT LR1 STATE=DAZED DAZEDCOUNTER=2 CLEANINGCOUNTER=0 CURRCELL=0_0