ROBOT R1 VELOCITY=1_0 STICKYNUM=0 OILYNUM=0 CURRCELL=1_0
ROBOT R1 VELOCITY=1_0 STICKYNUM=0 OILYNUM=0 CURRCELL=2_0